======================================================================
FINAL VERIFICATION - Using Date.UTC Approach
======================================================================

Workspace Settings: Day 6:00-18:00, Evening 18:00-22:00, Night 22:00-6:00

PERIOD CALCULATION TESTS:
----------------------------------------------------------------------
Γ£ô PASS: 09:00-17:00 IST (8h day)
         UTC: 03:30-11:30, day=480m, eve=0m, night=0m
Γ£ô PASS: 18:00-22:00 IST (4h evening)
         UTC: 12:30-16:30, day=0m, eve=240m, night=0m
Γ£ô PASS: 22:00-02:00 IST (4h night, cross-midnight)
         UTC: 16:30-20:30, day=0m, eve=0m, night=240m
Γ£ô PASS: 00:00-06:00 IST (6h night, early morning)
         UTC: 18:30-00:30, day=0m, eve=0m, night=360m
Γ£ô PASS: 17:00-23:00 IST (1h day + 4h evening + 1h night)
         UTC: 11:30-17:30, day=60m, eve=240m, night=60m
Γ£ô PASS: 06:00-18:00 IST (12h day - full day shift)
         UTC: 00:30-12:30, day=720m, eve=0m, night=0m
Γ£ô PASS: 21:00-05:30 IST (next day, 8.5h mostly night)
         UTC: 15:30-00:00, day=0m, eve=60m, night=450m

DATABASE ENTRIES VERIFICATION:
----------------------------------------------------------------------
Entry: Stored UTC 06:00 ΓåÆ Display IST 11:30-17:30
Entry: Stored UTC 11:00 ΓåÆ Display IST 16:30-20:30
Entry: Stored UTC 13:00 ΓåÆ Display IST 18:30-23:30
Entry: Stored UTC 07:00 ΓåÆ Display IST 12:30-16:30
Entry: Stored UTC 22:00 ΓåÆ Display IST 03:30-11:30

======================================================================
Γ£à ALL TESTS PASSED - Implementation is production-ready!
======================================================================
